>>> from models.base import Base
>>> if __name__ == "__main__":
...     b1 = Base()
...     print(b1.id)
... 
1
>>> b4 = Base(12)
>>> print(b4.id)
12
>>> b4 = Base(-12)
>>> print(b4.id)
-12
>>> b4 = Base('s')
>>> print(b4.id)
s
>>> b4 = Base(12, 1)
Traceback (most recent call last):
  File "<stdin>", line 1, in <module>
TypeError: __init__() takes from 1 to 2 positional arguments but 3 were given
>>> b4 = Base()
>>> print(b4.id)
2
>>> 


